###############################################################################
#
# IAR ELF Linker V3.10.1.201 for STM8                     15/Sep/2018  20:15:10
# Copyright 2010-2017 IAR Systems AB.
#
#    Output file  =  D:\forOber\OberGRT\Debug\Exe\GRT.out
#    Map file     =  D:\forOber\OberGRT\Debug\List\GRT.map
#    Command line =  
#        -f C:\Users\User\AppData\Local\Temp\EW32F6.tmp
#        (D:\forOber\OberGRT\Debug\Obj\ADC.o
#        D:\forOber\OberGRT\Debug\Obj\GPIO.o
#        D:\forOber\OberGRT\Debug\Obj\main.o
#        D:\forOber\OberGRT\Debug\Obj\stm8s_adc1.o
#        D:\forOber\OberGRT\Debug\Obj\stm8s_awu.o
#        D:\forOber\OberGRT\Debug\Obj\stm8s_beep.o
#        D:\forOber\OberGRT\Debug\Obj\stm8s_clk.o
#        D:\forOber\OberGRT\Debug\Obj\stm8s_exti.o
#        D:\forOber\OberGRT\Debug\Obj\stm8s_flash.o
#        D:\forOber\OberGRT\Debug\Obj\stm8s_gpio.o
#        D:\forOber\OberGRT\Debug\Obj\stm8s_i2c.o
#        D:\forOber\OberGRT\Debug\Obj\stm8s_it.o
#        D:\forOber\OberGRT\Debug\Obj\stm8s_itc.o
#        D:\forOber\OberGRT\Debug\Obj\stm8s_iwdg.o
#        D:\forOber\OberGRT\Debug\Obj\stm8s_rst.o
#        D:\forOber\OberGRT\Debug\Obj\stm8s_spi.o
#        D:\forOber\OberGRT\Debug\Obj\stm8s_tim1.o
#        D:\forOber\OberGRT\Debug\Obj\stm8s_tim2.o
#        D:\forOber\OberGRT\Debug\Obj\stm8s_tim4.o
#        D:\forOber\OberGRT\Debug\Obj\stm8s_uart1.o
#        D:\forOber\OberGRT\Debug\Obj\stm8s_wwdg.o --redirect
#        _Printf=_PrintfFullNoMb --redirect _Scanf=_ScanfFullNoMb -o
#        D:\forOber\OberGRT\Debug\Exe\GRT.out --map
#        D:\forOber\OberGRT\Debug\List\GRT.map --config "C:\Program Files
#        (x86)\IAR Systems\Embedded Workbench
#        8.0\stm8\config\lnkstm8s003f3.icf" --config_def _CSTACK_SIZE=0x200
#        --config_def _HEAP_SIZE=0x1000 --entry __iar_program_start
#        --debug_lib)
#
###############################################################################

*******************************************************************************
*** RUNTIME MODEL ATTRIBUTES
***

__SystemLibrary            = DLib
__code_model               = small
__core                     = stm8
__data_model               = medium
__dlib_file_descriptor     = 0
__dlib_full_locale_support = 0
__rt_version               = 4


*******************************************************************************
*** PLACEMENT SUMMARY
***

"A0":  place at start of [0x000000-0x0000ff] { rw section .vregs };
"A1":  place at end of [0x000000-0x0003ff] { block CSTACK };
"P2":  place in [from 0x000000 to 0x0003ff] {
          block HEAP, rw section __DLIB_PERTHREAD, rw section .far.bss,
          rw section .far.data, rw section .far.noinit,
          rw section .far_func.textrw, rw section .huge.bss,
          rw section .huge.data, rw section .huge.noinit,
          rw section .huge_func.textrw, rw section .iar.dynexit,
          rw section .near.bss, rw section .near.data, rw section .near.noinit,
          rw section .near_func.textrw };
"A2":  place at start of [0x008000-0x009fff] { block INTVEC };
"P3":  place in [from 0x008000 to 0x009fff] {
          ro section __DLIB_PERTHREAD_init, ro section .far.data_init,
          ro section .far_func.textrw_init, ro section .huge.data_init,
          ro section .huge_func.textrw_init, ro section .iar.init_table,
          ro section .init_array, ro section .near.data_init,
          ro section .near.rodata, ro section .near_func.text,
          ro section .near_func.textrw_init, ro section .tiny.data_init,
          ro section .tiny.rodata_init };
"P4":  place in [from 0x008000 to 0x009fff] {
          ro section .far.rodata, ro section .far_func.text };
"P5":  place in [from 0x008000 to 0x009fff] {
          ro section .huge.rodata, ro section .huge_func.text };
do not initialize {
   rw section .eeprom.noinit, rw section .far.noinit, rw section .huge.noinit,
   rw section .near.noinit, rw section .tiny.noinit, rw section .vregs };
initialize by copy {
   rw section .far.bss, rw section .far.data, rw section .far_func.textrw,
   rw section .huge.bss, rw section .huge.data, rw section .huge_func.textrw,
   rw section .iar.dynexit, rw section .near.bss, rw section .near.data,
   rw section .near_func.textrw, rw section .tiny.bss, rw section .tiny.data,
   ro section .tiny.rodata };

  Section            Kind      Address    Size  Object
  -------            ----      -------    ----  ------
"A0":                                     0x10
  .vregs             uninit   0x000000    0x10  vregs.o [4]
                            - 0x000010    0x10

"P2":                                     0x1b
  P2-1                        0x000010    0x1b  <Init block>
    .near.data       inited   0x000010     0x1  main.o [1]
    .near.bss        inited   0x000011     0xa  ADC.o [1]
    .near.bss        inited   0x00001b     0x1  GPIO.o [1]
    .near.bss        inited   0x00001c     0x1  GPIO.o [1]
    .near.bss        inited   0x00001d     0x1  GPIO.o [1]
    .near.bss        inited   0x00001e     0x1  GPIO.o [1]
    .near.bss        inited   0x00001f     0x1  GPIO.o [1]
    .near.bss        inited   0x000020     0x1  main.o [1]
    .near.bss        inited   0x000021     0x1  main.o [1]
    .near.bss        inited   0x000022     0x1  main.o [1]
    .near.bss        inited   0x000023     0x1  main.o [1]
    .near.bss        inited   0x000024     0x1  main.o [1]
    .near.bss        inited   0x000025     0x1  main.o [1]
    .near.bss        inited   0x000026     0x1  stm8s_it.o [1]
    .near.bss        inited   0x000027     0x1  stm8s_it.o [1]
    .near.bss        inited   0x000028     0x1  stm8s_it.o [1]
    .near.bss        inited   0x000029     0x1  stm8s_it.o [1]
    .near.bss        inited   0x00002a     0x1  stm8s_it.o [1]
                            - 0x00002b    0x1b

"A1":                                    0x200
  CSTACK                      0x000200   0x200  <Block>
    CSTACK           uninit   0x000200   0x200  <Block tail>
                            - 0x000400   0x200

"A2":                                     0x80
  INTVEC                      0x008000    0x80  <Block>
    .intvec          const    0x008000    0x80  interrupt.o [4]
                            - 0x008080    0x80

"P3-P5":                                0x16b5
  .near_func.text    ro code  0x008080   0x248  GPIO.o [1]
  .near_func.text    ro code  0x0082c8   0x19a  stm8s_adc1.o [1]
  .near_func.text    ro code  0x008462   0x12d  stm8s_clk.o [1]
  .near_func.text    ro code  0x00858f   0x110  stm8s_gpio.o [1]
  .near_func.text    ro code  0x00869f    0xfc  stm8s_adc1.o [1]
  .near_func.text    ro code  0x00879b    0xec  main.o [1]
  .near_func.text    ro code  0x008887    0xde  stm8s_clk.o [1]
  .near_func.text    ro code  0x008965    0xbe  stm8s_adc1.o [1]
  .near_func.text    ro code  0x008a23    0xb7  stm8s_adc1.o [1]
  .near_func.text    ro code  0x008ada    0xb7  stm8s_adc1.o [1]
  .near_func.text    ro code  0x008b91    0xb1  ADC.o [1]
  .near_func.text    ro code  0x008c42    0xaa  vreg_util.o [4]
  .near_func.text    ro code  0x008cec    0xa7  stm8s_clk.o [1]
  .near_func.text    ro code  0x008d93    0x89  stm8s_adc1.o [1]
  .near_func.text    ro code  0x008e1c    0x7c  GPIO.o [1]
  .near_func.text    ro code  0x008e98    0x6e  main.o [1]
  .near_func.text    ro code  0x008f06    0x5d  main.o [1]
  .near_func.text    ro code  0x008f63    0x59  stm8s_adc1.o [1]
  .near_func.text    ro code  0x008fbc    0x59  stm8s_tim2.o [1]
  .near_func.text    ro code  0x009015    0x55  stm8s_adc1.o [1]
  .near_func.text    ro code  0x00906a    0x54  stm8s_tim2.o [1]
  .near_func.text    ro code  0x0090be    0x4d  ADC.o [1]
  .near_func.text    ro code  0x00910b    0x4d  stm8s_it.o [1]
  .near_func.text    ro code  0x009158    0x44  stm8s_iwdg.o [1]
  .near_func.text    ro code  0x00919c    0x3d  stm8s_clk.o [1]
  .near.rodata       const    0x0091d9    0x3b  stm8s_adc1.o [1]
  .near.rodata       const    0x009214    0x3b  stm8s_gpio.o [1]
  .near.rodata       const    0x00924f    0x3b  stm8s_iwdg.o [1]
  .near.rodata       const    0x00928a    0x3b  stm8s_tim2.o [1]
  .near_func.text    ro code  0x0092c5    0x3b  main.o [1]
  .near.rodata       const    0x009300    0x3a  stm8s_clk.o [1]
  .near_func.text    ro code  0x00933a    0x36  stm8s_clk.o [1]
  .near_func.text    ro code  0x009370    0x31  stm8s_adc1.o [1]
  .near_func.text    ro code  0x0093a1    0x30  main.o [1]
  .near_func.text    ro code  0x0093d1    0x2f  stm8s_adc1.o [1]
  .near_func.text    ro code  0x009400    0x2f  stm8s_adc1.o [1]
  .near_func.text    ro code  0x00942f    0x2f  stm8s_adc1.o [1]
  .near_func.text    ro code  0x00945e    0x2f  stm8s_clk.o [1]
  .near_func.text    ro code  0x00948d    0x2f  stm8s_clk.o [1]
  .near_func.text    ro code  0x0094bc    0x2f  stm8s_clk.o [1]
  .near_func.text    ro code  0x0094eb    0x2f  stm8s_clk.o [1]
  .near_func.text    ro code  0x00951a    0x2f  stm8s_tim2.o [1]
  .near_func.text    ro code  0x009549    0x28  stm8s_tim2.o [1]
  .near_func.text    ro code  0x009571    0x28  init_small.o [4]
  .near_func.text    ro code  0x009599    0x26  stm8s_iwdg.o [1]
  .iar.init_table    const    0x0095bf     0xa  - Linker created -
  .near_func.text    ro code  0x0095c9    0x1e  main.o [1]
  Initializer bytes  const    0x0095e7    0x1b  <for P2-1>
  .near_func.text    ro code  0x009602    0x19  main.o [1]
  .near_func.text    ro code  0x00961b    0x14  init.o [4]
  .near_func.text    ro code  0x00962f    0x14  __dbg_xxexit.o [3]
  .near_func.text    ro code  0x009643    0x13  cstartup.o [4]
  .near_func.text    ro code  0x009656    0x12  main.o [1]
  .near_func.text    ro code  0x009668     0xf  short.o [4]
  .near_func.text    ro code  0x009677     0xc  stm8s_tim2.o [1]
  .near_func.text    ro code  0x009683     0x8  GPIO.o [1]
  .near_func.text    ro code  0x00968b     0x8  GPIO.o [1]
  .near_func.text    ro code  0x009693     0x8  GPIO.o [1]
  .near_func.text    ro code  0x00969b     0x8  GPIO.o [1]
  .near_func.text    ro code  0x0096a3     0x8  GPIO.o [1]
  .near_func.text    ro code  0x0096ab     0x8  GPIO.o [1]
  .near_func.text    ro code  0x0096b3     0x8  GPIO.o [1]
  .near_func.text    ro code  0x0096bb     0x8  GPIO.o [1]
  .near_func.text    ro code  0x0096c3     0x8  GPIO.o [1]
  .near_func.text    ro code  0x0096cb     0x8  GPIO.o [1]
  .near_func.text    ro code  0x0096d3     0x8  GPIO.o [1]
  .near_func.text    ro code  0x0096db     0x8  GPIO.o [1]
  .near_func.text    ro code  0x0096e3     0x7  stm8s_gpio.o [1]
  .near_func.text    ro code  0x0096ea     0x7  stm8s_gpio.o [1]
  .near_func.text    ro code  0x0096f1     0x6  char.o [4]
  .near_func.text    ro code  0x0096f7     0x5  stm8s_adc1.o [1]
  .near_func.text    ro code  0x0096fc     0x5  stm8s_iwdg.o [1]
  .near_func.text    ro code  0x009701     0x5  stm8s_iwdg.o [1]
  .near_func.text    ro code  0x009706     0x5  cexit.o [4]
  .near_func.text    ro code  0x00970b     0x4  stm8s_gpio.o [1]
  .near_func.text    ro code  0x00970f     0x4  stm8s_iwdg.o [1]
  .near_func.text    ro code  0x009713     0x3  interrupt.o [4]
  .near_func.text    ro code  0x009716     0x3  low_level_init.o [4]
  .near_func.text    ro code  0x009719     0x3  exit.o [4]
  .near_func.text    ro code  0x00971c     0x3  unhandled_exception.o [4]
  .near_func.text    ro code  0x00971f     0x2  main.o [1]
  .near_func.text    ro code  0x009721     0x1  stm8s_it.o [1]
  .near_func.text    ro code  0x009722     0x1  stm8s_it.o [1]
  .near_func.text    ro code  0x009723     0x1  stm8s_it.o [1]
  .near_func.text    ro code  0x009724     0x1  stm8s_it.o [1]
  .near_func.text    ro code  0x009725     0x1  stm8s_it.o [1]
  .near_func.text    ro code  0x009726     0x1  stm8s_it.o [1]
  .near_func.text    ro code  0x009727     0x1  stm8s_it.o [1]
  .near_func.text    ro code  0x009728     0x1  stm8s_it.o [1]
  .near_func.text    ro code  0x009729     0x1  stm8s_it.o [1]
  .near_func.text    ro code  0x00972a     0x1  stm8s_it.o [1]
  .near_func.text    ro code  0x00972b     0x1  stm8s_it.o [1]
  .near_func.text    ro code  0x00972c     0x1  stm8s_it.o [1]
  .near_func.text    ro code  0x00972d     0x1  stm8s_it.o [1]
  .near_func.text    ro code  0x00972e     0x1  stm8s_it.o [1]
  .near_func.text    ro code  0x00972f     0x1  stm8s_it.o [1]
  .near_func.text    ro code  0x009730     0x1  stm8s_it.o [1]
  .near_func.text    ro code  0x009731     0x1  stm8s_it.o [1]
  .near_func.text    ro code  0x009732     0x1  stm8s_it.o [1]
  .near_func.text    ro code  0x009733     0x1  stm8s_it.o [1]
  .near_func.text    ro code  0x009734     0x1  __dbg_break.o [3]
                            - 0x009735  0x16b5


*******************************************************************************
*** INIT TABLE
***

          Address   Size
          -------   ----
Copy (__iar_copy_init2)
    1 source range, total size 0x1b:
          0x0095e7  0x1b
    1 destination range, total size 0x1b:
          0x000010  0x1b



*******************************************************************************
*** MODULE SUMMARY
***

    Module                 ro code  ro data  rw data
    ------                 -------  -------  -------
D:\forOber\OberGRT\Debug\Obj: [1]
    ADC.o                      254       10       10
    GPIO.o                     804        5        5
    main.o                     621        7        7
    stm8s_adc1.o             1 724       59
    stm8s_clk.o                993       58
    stm8s_gpio.o               290       59
    stm8s_it.o                  96        5        5
    stm8s_iwdg.o               120       59
    stm8s_tim2.o               272       59
    ------------------------------------------------
    Total:                   5 174      321       27

command line: [2]
    ------------------------------------------------
    Total:

dbgstm8smd.a: [3]
    __dbg_break.o                1
    __dbg_xxexit.o              20
    ------------------------------------------------
    Total:                      21

dlstm8smn.a: [4]
    cexit.o                      5
    char.o                       6
    cstartup.o                  19
    exit.o                       3
    init.o                      20
    init_small.o                40
    interrupt.o                  3      128
    low_level_init.o             3
    short.o                     15
    unhandled_exception.o        3
    vreg_util.o                170
    vregs.o                                       16
    ------------------------------------------------
    Total:                     287      128       16

    Linker created                       10      512
----------------------------------------------------
    Grand Total:             5 482      459      555


*******************************************************************************
*** ENTRY LIST
***

Entry                    Address   Size  Type      Object
-----                    -------   ----  ----      ------
.iar.init_table$$Base   0x0095bf          --   Gb  - Linker created -
.iar.init_table$$Limit  0x0095c9          --   Gb  - Linker created -
?b0                     0x000000         Data  Gb  vregs.o [4]
?b1                     0x000001         Data  Gb  vregs.o [4]
?b10                    0x00000a         Data  Gb  vregs.o [4]
?b11                    0x00000b         Data  Gb  vregs.o [4]
?b12                    0x00000c         Data  Gb  vregs.o [4]
?b13                    0x00000d         Data  Gb  vregs.o [4]
?b14                    0x00000e         Data  Gb  vregs.o [4]
?b15                    0x00000f         Data  Gb  vregs.o [4]
?b2                     0x000002         Data  Gb  vregs.o [4]
?b3                     0x000003         Data  Gb  vregs.o [4]
?b4                     0x000004         Data  Gb  vregs.o [4]
?b5                     0x000005         Data  Gb  vregs.o [4]
?b6                     0x000006         Data  Gb  vregs.o [4]
?b7                     0x000007         Data  Gb  vregs.o [4]
?b8                     0x000008         Data  Gb  vregs.o [4]
?b9                     0x000009         Data  Gb  vregs.o [4]
?e0                     0x000001         Data  Gb  vregs.o [4]
?e1                     0x000005         Data  Gb  vregs.o [4]
?e2                     0x000009         Data  Gb  vregs.o [4]
?e3                     0x00000d         Data  Gb  vregs.o [4]
?epilogue_l2            0x008cdd         Code  Gb  vreg_util.o [4]
?epilogue_l2_l3         0x008cda         Code  Gb  vreg_util.o [4]
?epilogue_l2_w6         0x008ce1         Code  Gb  vreg_util.o [4]
?epilogue_w4            0x008ce8         Code  Gb  vreg_util.o [4]
?l0                     0x000000         Data  Gb  vregs.o [4]
?l1                     0x000004         Data  Gb  vregs.o [4]
?l2                     0x000008         Data  Gb  vregs.o [4]
?l3                     0x00000c         Data  Gb  vregs.o [4]
?pop_l0                 0x008ca6         Code  Gb  vreg_util.o [4]
?pop_l1                 0x008cb1         Code  Gb  vreg_util.o [4]
?pop_l2                 0x008cbc         Code  Gb  vreg_util.o [4]
?pop_l3                 0x008cc7         Code  Gb  vreg_util.o [4]
?pop_w4                 0x008c5f         Code  Gb  vreg_util.o [4]
?pop_w6                 0x008c66         Code  Gb  vreg_util.o [4]
?push_l0                0x008c75         Code  Gb  vreg_util.o [4]
?push_l1                0x008c7a         Code  Gb  vreg_util.o [4]
?push_l2                0x008c7f         Code  Gb  vreg_util.o [4]
?push_l3                0x008c84         Code  Gb  vreg_util.o [4]
?push_w4                0x008c42         Code  Gb  vreg_util.o [4]
?push_w6                0x008c47         Code  Gb  vreg_util.o [4]
?sll16_x_x_4            0x009672         Code  Gb  short.o [4]
?sll16_x_x_5            0x009671         Code  Gb  short.o [4]
?sll16_x_x_6            0x009670         Code  Gb  short.o [4]
?sll16_x_x_a            0x009668         Code  Gb  short.o [4]
?srl8_a_a_5             0x0096f2         Code  Gb  char.o [4]
?srl8_a_a_6             0x0096f1         Code  Gb  char.o [4]
?w0                     0x000000         Data  Gb  vregs.o [4]
?w1                     0x000002         Data  Gb  vregs.o [4]
?w2                     0x000004         Data  Gb  vregs.o [4]
?w3                     0x000006         Data  Gb  vregs.o [4]
?w4                     0x000008         Data  Gb  vregs.o [4]
?w5                     0x00000a         Data  Gb  vregs.o [4]
?w6                     0x00000c         Data  Gb  vregs.o [4]
?w7                     0x00000e         Data  Gb  vregs.o [4]
ADC1_ClearFlag(ADC1_Flag_TypeDef)
                        0x008ada   0xb7  Code  Gb  stm8s_adc1.o [1]
ADC1_Cmd(FunctionalState)
                        0x0093d1   0x2f  Code  Gb  stm8s_adc1.o [1]
ADC1_ConversionConfig(ADC1_ConvMode_TypeDef, ADC1_Channel_TypeDef, ADC1_Align_TypeDef)
                        0x008965   0xbe  Code  Gb  stm8s_adc1.o [1]
ADC1_DataBufferCmd(FunctionalState)
                        0x00942f   0x2f  Code  Gb  stm8s_adc1.o [1]
ADC1_DeInit()           0x009370   0x31  Code  Gb  stm8s_adc1.o [1]
ADC1_ExternalTriggerConfig(ADC1_ExtTrig_TypeDef, FunctionalState)
                        0x008f63   0x59  Code  Gb  stm8s_adc1.o [1]
ADC1_GetBufferValue(unsigned char)
                        0x008d93   0x89  Code  Gb  stm8s_adc1.o [1]
ADC1_GetFlagStatus(ADC1_Flag_TypeDef)
                        0x008a23   0xb7  Code  Gb  stm8s_adc1.o [1]
ADC1_IRQHandler()       0x009731    0x1  Code  Gb  stm8s_it.o [1]
ADC1_Init(ADC1_ConvMode_TypeDef, ADC1_Channel_TypeDef, ADC1_PresSel_TypeDef, ADC1_ExtTrig_TypeDef, FunctionalState, ADC1_Align_TypeDef, ADC1_SchmittTrigg_TypeDef, FunctionalState)
                        0x0082c8  0x19a  Code  Gb  stm8s_adc1.o [1]
ADC1_PrescalerConfig(ADC1_PresSel_TypeDef)
                        0x009015   0x55  Code  Gb  stm8s_adc1.o [1]
ADC1_ScanModeCmd(FunctionalState)
                        0x009400   0x2f  Code  Gb  stm8s_adc1.o [1]
ADC1_SchmittTriggerConfig(ADC1_SchmittTrigg_TypeDef, FunctionalState)
                        0x00869f   0xfc  Code  Gb  stm8s_adc1.o [1]
ADC1_StartConversion()  0x0096f7    0x5  Code  Gb  stm8s_adc1.o [1]
ADC_update()            0x0090be   0x4d  Code  Gb  ADC.o [1]
ADC_value               0x000011    0xa  Data  Gb  ADC.o [1]
AWU_IRQHandler()        0x009723    0x1  Code  Gb  stm8s_it.o [1]
Buttom_drz              0x000025    0x1  Data  Gb  main.o [1]
CLK_ClockSwitchCmd(FunctionalState)
                        0x0094eb   0x2f  Code  Gb  stm8s_clk.o [1]
CLK_ClockSwitchConfig(CLK_SwitchMode_TypeDef, CLK_Source_TypeDef, FunctionalState, CLK_CurrentClockState_TypeDef)
                        0x008462  0x12d  Code  Gb  stm8s_clk.o [1]
CLK_DeInit()            0x00933a   0x36  Code  Gb  stm8s_clk.o [1]
CLK_GetFlagStatus(CLK_Flag_TypeDef)
                        0x008cec   0xa7  Code  Gb  stm8s_clk.o [1]
CLK_HSECmd(FunctionalState)
                        0x00945e   0x2f  Code  Gb  stm8s_clk.o [1]
CLK_HSICmd(FunctionalState)
                        0x00948d   0x2f  Code  Gb  stm8s_clk.o [1]
CLK_HSIPrescalerConfig(CLK_Prescaler_TypeDef)
                        0x00919c   0x3d  Code  Gb  stm8s_clk.o [1]
CLK_IRQHandler()        0x009724    0x1  Code  Gb  stm8s_it.o [1]
CLK_LSICmd(FunctionalState)
                        0x0094bc   0x2f  Code  Gb  stm8s_clk.o [1]
CLK_PeripheralClockConfig(CLK_Peripheral_TypeDef, FunctionalState)
                        0x008887   0xde  Code  Gb  stm8s_clk.o [1]
CRASH_SYSTEM            0x00002a    0x1  Data  Gb  stm8s_it.o [1]
CSTACK$$Base            0x000200          --   Gb  - Linker created -
CSTACK$$Limit           0x000400          --   Gb  - Linker created -
EEPROM_EEC_IRQHandler()
                        0x009733    0x1  Code  Gb  stm8s_it.o [1]
EXTI_PORTA_IRQHandler()
                        0x009725    0x1  Code  Gb  stm8s_it.o [1]
EXTI_PORTB_IRQHandler()
                        0x009726    0x1  Code  Gb  stm8s_it.o [1]
EXTI_PORTC_IRQHandler()
                        0x009727    0x1  Code  Gb  stm8s_it.o [1]
EXTI_PORTD_IRQHandler()
                        0x009728    0x1  Code  Gb  stm8s_it.o [1]
EXTI_PORTE_IRQHandler()
                        0x009729    0x1  Code  Gb  stm8s_it.o [1]
GPIO_Init(GPIO_struct __near *, GPIO_Pin_TypeDef, GPIO_Mode_TypeDef)
                        0x00858f  0x110  Code  Gb  stm8s_gpio.o [1]
GPIO_ReadInputPin(GPIO_struct __near *, GPIO_Pin_TypeDef)
                        0x0096ea    0x7  Code  Gb  stm8s_gpio.o [1]
GPIO_WriteHigh(GPIO_struct __near *, GPIO_Pin_TypeDef)
                        0x0096e3    0x7  Code  Gb  stm8s_gpio.o [1]
GPIO_WriteLow(GPIO_struct __near *, GPIO_Pin_TypeDef)
                        0x00970b    0x4  Code  Gb  stm8s_gpio.o [1]
I2C_IRQHandler()        0x009730    0x1  Code  Gb  stm8s_it.o [1]
INTVEC$$Base            0x008000          --   Gb  - Linker created -
INTVEC$$Limit           0x008080          --   Gb  - Linker created -
IWDG_Enable()           0x009701    0x5  Code  Gb  stm8s_iwdg.o [1]
IWDG_ReloadCounter()    0x0096fc    0x5  Code  Gb  stm8s_iwdg.o [1]
IWDG_SetPrescaler(IWDG_Prescaler_TypeDef)
                        0x009158   0x44  Code  Gb  stm8s_iwdg.o [1]
IWDG_SetReload(unsigned char)
                        0x00970f    0x4  Code  Gb  stm8s_iwdg.o [1]
IWDG_WriteAccessCmd(IWDG_WriteAccess_TypeDef)
                        0x009599   0x26  Code  Gb  stm8s_iwdg.o [1]
Region$$Table$$Base     0x0095bf          --   Gb  - Linker created -
Region$$Table$$Limit    0x0095c9          --   Gb  - Linker created -
SPI_IRQHandler()        0x00972a    0x1  Code  Gb  stm8s_it.o [1]
State_machine           0x000020    0x1  Data  Gb  main.o [1]
TIM1_CAP_COM_IRQHandler()
                        0x00972c    0x1  Code  Gb  stm8s_it.o [1]
TIM1_UPD_OVF_TRG_BRK_IRQHandler()
                        0x00972b    0x1  Code  Gb  stm8s_it.o [1]
TIM2_CAP_COM_IRQHandler()
                        0x00972d    0x1  Code  Gb  stm8s_it.o [1]
TIM2_ClearITPendingBit(TIM2_IT_TypeDef)
                        0x009549   0x28  Code  Gb  stm8s_tim2.o [1]
TIM2_Cmd(FunctionalState)
                        0x00951a   0x2f  Code  Gb  stm8s_tim2.o [1]
TIM2_DeInit()           0x008fbc   0x59  Code  Gb  stm8s_tim2.o [1]
TIM2_ITConfig(TIM2_IT_TypeDef, FunctionalState)
                        0x00906a   0x54  Code  Gb  stm8s_tim2.o [1]
TIM2_TimeBaseInit(TIM2_Prescaler_TypeDef, unsigned short)
                        0x009677    0xc  Code  Gb  stm8s_tim2.o [1]
TIM2_UPD_OVF_BRK_IRQHandler()
                        0x00910b   0x4d  Code  Gb  stm8s_it.o [1]
TIM4_UPD_OVF_IRQHandler()
                        0x009732    0x1  Code  Gb  stm8s_it.o [1]
TLI_IRQHandler()        0x009722    0x1  Code  Gb  stm8s_it.o [1]
TRAP_IRQHandler()       0x009721    0x1  Code  Gb  stm8s_it.o [1]
UART1_RX_IRQHandler()   0x00972f    0x1  Code  Gb  stm8s_it.o [1]
UART1_TX_IRQHandler()   0x00972e    0x1  Code  Gb  stm8s_it.o [1]
_ADC_setup()            0x008b91   0xb1  Code  Gb  ADC.o [1]
_AIR_Off()              0x0096bb    0x8  Code  Gb  GPIO.o [1]
_AIR_On()               0x0096b3    0x8  Code  Gb  GPIO.o [1]
_CheckFuel()            0x0092c5   0x3b  Code  Gb  main.o [1]
_Check_START()          0x008f06   0x5d  Code  Gb  main.o [1]
_Check_temperatureOil()
                        0x0095c9   0x1e  Code  Gb  main.o [1]
_Clock_setup()          0x008e98   0x6e  Code  Gb  main.o [1]
_FIRE_Off()             0x00969b    0x8  Code  Gb  GPIO.o [1]
_FIRE_On()              0x009693    0x8  Code  Gb  GPIO.o [1]
_GPIO_setup()           0x008e1c   0x7c  Code  Gb  GPIO.o [1]
_IWDG_setup()           0x009656   0x12  Code  Gb  main.o [1]
_IsThereLight()         0x009683    0x8  Code  Gb  GPIO.o [1]
_IsThereStart()         0x00968b    0x8  Code  Gb  GPIO.o [1]
_LED_Off()              0x0096db    0x8  Code  Gb  GPIO.o [1]
_LED_On()               0x0096d3    0x8  Code  Gb  GPIO.o [1]
_LED_state()            0x0093a1   0x30  Code  Gb  main.o [1]
_Pump_Off()             0x0096cb    0x8  Code  Gb  GPIO.o [1]
_Pump_On()              0x0096c3    0x8  Code  Gb  GPIO.o [1]
_Pump_Period            0x000010    0x1  Data  Gb  main.o [1]
_TEN_Off()              0x0096ab    0x8  Code  Gb  GPIO.o [1]
_TEN_On()               0x0096a3    0x8  Code  Gb  GPIO.o [1]
_TIM2_Setup()           0x009602   0x19  Code  Gb  main.o [1]
__DebugBreak            0x009734    0x1  Code  Gb  __dbg_break.o [3]
__exit                  0x00962f   0x14  Code  Gb  __dbg_xxexit.o [3]
__iar_copy_init2        0x009571         Code  Gb  init_small.o [4]
__iar_data_init2        0x00961b   0x14  Code  Gb  init.o [4]
__iar_program_start     0x009643         Code  Gb  cstartup.o [4]
__iar_unhandled_exception
                        0x00971c         Code  Gb  unhandled_exception.o [4]
__intvec                0x008000         Data  Gb  interrupt.o [4]
__low_level_init        0x009716    0x3  Code  Gb  low_level_init.o [4]
_exit                   0x009706         Code  Gb  cexit.o [4]
_interrupt_1            0x009721         Code  Gb  stm8s_it.o [1]
_interrupt_12           0x00972a         Code  Gb  stm8s_it.o [1]
_interrupt_13           0x00972b         Code  Gb  stm8s_it.o [1]
_interrupt_14           0x00972c         Code  Gb  stm8s_it.o [1]
_interrupt_15           0x00910b         Code  Gb  stm8s_it.o [1]
_interrupt_16           0x00972d         Code  Gb  stm8s_it.o [1]
_interrupt_19           0x00972e         Code  Gb  stm8s_it.o [1]
_interrupt_2            0x009722         Code  Gb  stm8s_it.o [1]
_interrupt_20           0x00972f         Code  Gb  stm8s_it.o [1]
_interrupt_21           0x009730         Code  Gb  stm8s_it.o [1]
_interrupt_24           0x009731         Code  Gb  stm8s_it.o [1]
_interrupt_25           0x009732         Code  Gb  stm8s_it.o [1]
_interrupt_26           0x009733         Code  Gb  stm8s_it.o [1]
_interrupt_3            0x009723         Code  Gb  stm8s_it.o [1]
_interrupt_4            0x009724         Code  Gb  stm8s_it.o [1]
_interrupt_5            0x009725         Code  Gb  stm8s_it.o [1]
_interrupt_6            0x009726         Code  Gb  stm8s_it.o [1]
_interrupt_7            0x009727         Code  Gb  stm8s_it.o [1]
_interrupt_8            0x009728         Code  Gb  stm8s_it.o [1]
_interrupt_9            0x009729         Code  Gb  stm8s_it.o [1]
assert_failed(unsigned char __near *, unsigned long)
                        0x00971f    0x2  Code  Gb  main.o [1]
b_OilTemperatureOK      0x000024    0x1  Data  Lc  main.o [1]
b_START                 0x000021    0x1  Data  Lc  main.o [1]
b_State_system          0x000023    0x1  Data  Lc  main.o [1]
b_Variable_Written      0x000022    0x1  Data  Lc  main.o [1]
cnt_input               0x00001b    0x1  Data  Gb  GPIO.o [1]
cntr_Check_CRASH_T10    0x000029    0x1  Data  Gb  stm8s_it.o [1]
cntr_LED                0x000028    0x1  Data  Gb  stm8s_it.o [1]
cntr_pump_period        0x000026    0x1  Data  Gb  stm8s_it.o [1]
cntr_start              0x000027    0x1  Data  Gb  stm8s_it.o [1]
exit                    0x009719    0x3  Code  Gb  exit.o [4]
inputReade()            0x008080  0x248  Code  Gb  GPIO.o [1]
input_light             0x00001d    0x1  Data  Gb  GPIO.o [1]
input_start             0x00001c    0x1  Data  Gb  GPIO.o [1]
main                    0x00879b   0xec  Code  Gb  main.o [1]
result_light            0x00001f    0x1  Data  Gb  GPIO.o [1]
result_start            0x00001e    0x1  Data  Gb  GPIO.o [1]


[1] = D:\forOber\OberGRT\Debug\Obj
[2] = command line
[3] = dbgstm8smd.a
[4] = dlstm8smn.a

  5 482 bytes of readonly  code memory
    459 bytes of readonly  data memory
    555 bytes of readwrite data memory

Errors: none
Warnings: none
