###############################################################################
#
# IAR ELF Linker V3.10.1.201 for STM8                     25/Nov/2018  18:03:43
# Copyright 2010-2017 IAR Systems AB.
#
#    Output file  =  D:\forOber\OberGRT\Debug\Exe\GRT.out
#    Map file     =  D:\forOber\OberGRT\Debug\List\GRT.map
#    Command line =  
#        -f C:\Users\User\AppData\Local\Temp\EWF05E.tmp
#        (D:\forOber\OberGRT\Debug\Obj\ADC.o
#        D:\forOber\OberGRT\Debug\Obj\AllThings.o
#        D:\forOber\OberGRT\Debug\Obj\GPIO.o
#        D:\forOber\OberGRT\Debug\Obj\main.o
#        D:\forOber\OberGRT\Debug\Obj\stm8s_adc1.o
#        D:\forOber\OberGRT\Debug\Obj\stm8s_awu.o
#        D:\forOber\OberGRT\Debug\Obj\stm8s_beep.o
#        D:\forOber\OberGRT\Debug\Obj\stm8s_clk.o
#        D:\forOber\OberGRT\Debug\Obj\stm8s_exti.o
#        D:\forOber\OberGRT\Debug\Obj\stm8s_flash.o
#        D:\forOber\OberGRT\Debug\Obj\stm8s_gpio.o
#        D:\forOber\OberGRT\Debug\Obj\stm8s_i2c.o
#        D:\forOber\OberGRT\Debug\Obj\stm8s_it.o
#        D:\forOber\OberGRT\Debug\Obj\stm8s_itc.o
#        D:\forOber\OberGRT\Debug\Obj\stm8s_iwdg.o
#        D:\forOber\OberGRT\Debug\Obj\stm8s_rst.o
#        D:\forOber\OberGRT\Debug\Obj\stm8s_spi.o
#        D:\forOber\OberGRT\Debug\Obj\stm8s_tim1.o
#        D:\forOber\OberGRT\Debug\Obj\stm8s_tim2.o
#        D:\forOber\OberGRT\Debug\Obj\stm8s_tim4.o
#        D:\forOber\OberGRT\Debug\Obj\stm8s_uart1.o
#        D:\forOber\OberGRT\Debug\Obj\stm8s_wwdg.o --redirect
#        _Printf=_PrintfFullNoMb --redirect _Scanf=_ScanfFullNoMb -o
#        D:\forOber\OberGRT\Debug\Exe\GRT.out --map
#        D:\forOber\OberGRT\Debug\List\GRT.map --config "C:\Program Files
#        (x86)\IAR Systems\Embedded Workbench
#        8.0\stm8\config\lnkstm8s003f3.icf" --config_def _CSTACK_SIZE=0x200
#        --config_def _HEAP_SIZE=0x1000 --entry __iar_program_start
#        --debug_lib)
#
###############################################################################

*******************************************************************************
*** RUNTIME MODEL ATTRIBUTES
***

__SystemLibrary            = DLib
__code_model               = small
__core                     = stm8
__data_model               = medium
__dlib_file_descriptor     = 0
__dlib_full_locale_support = 0
__rt_version               = 4


*******************************************************************************
*** PLACEMENT SUMMARY
***

"A0":  place at start of [0x000000-0x0000ff] { rw section .vregs };
"A1":  place at end of [0x000000-0x0003ff] { block CSTACK };
"P2":  place in [from 0x000000 to 0x0003ff] {
          block HEAP, rw section __DLIB_PERTHREAD, rw section .far.bss,
          rw section .far.data, rw section .far.noinit,
          rw section .far_func.textrw, rw section .huge.bss,
          rw section .huge.data, rw section .huge.noinit,
          rw section .huge_func.textrw, rw section .iar.dynexit,
          rw section .near.bss, rw section .near.data, rw section .near.noinit,
          rw section .near_func.textrw };
"A2":  place at start of [0x008000-0x009fff] { block INTVEC };
"P3":  place in [from 0x008000 to 0x009fff] {
          ro section __DLIB_PERTHREAD_init, ro section .far.data_init,
          ro section .far_func.textrw_init, ro section .huge.data_init,
          ro section .huge_func.textrw_init, ro section .iar.init_table,
          ro section .init_array, ro section .near.data_init,
          ro section .near.rodata, ro section .near_func.text,
          ro section .near_func.textrw_init, ro section .tiny.data_init,
          ro section .tiny.rodata_init };
"P4":  place in [from 0x008000 to 0x009fff] {
          ro section .far.rodata, ro section .far_func.text };
"P5":  place in [from 0x008000 to 0x009fff] {
          ro section .huge.rodata, ro section .huge_func.text };
do not initialize {
   rw section .eeprom.noinit, rw section .far.noinit, rw section .huge.noinit,
   rw section .near.noinit, rw section .tiny.noinit, rw section .vregs };
initialize by copy {
   rw section .far.bss, rw section .far.data, rw section .far_func.textrw,
   rw section .huge.bss, rw section .huge.data, rw section .huge_func.textrw,
   rw section .iar.dynexit, rw section .near.bss, rw section .near.data,
   rw section .near_func.textrw, rw section .tiny.bss, rw section .tiny.data,
   ro section .tiny.rodata };

  Section            Kind      Address    Size  Object
  -------            ----      -------    ----  ------
"A0":                                     0x10
  .vregs             uninit   0x000000    0x10  vregs.o [4]
                            - 0x000010    0x10

"P2":                                     0x23
  P2-1                        0x000010    0x23  <Init block>
    .near.data       inited   0x000010     0x1  AllThings.o [1]
    .near.data       inited   0x000011     0x1  GPIO.o [1]
    .near.data       inited   0x000012     0x1  GPIO.o [1]
    .near.bss        inited   0x000013     0xa  ADC.o [1]
    .near.bss        inited   0x00001d     0x1  ADC.o [1]
    .near.bss        inited   0x00001e     0x2  ADC.o [1]
    .near.bss        inited   0x000020     0x2  ADC.o [1]
    .near.bss        inited   0x000022     0x1  AllThings.o [1]
    .near.bss        inited   0x000023     0x1  AllThings.o [1]
    .near.bss        inited   0x000024     0x1  AllThings.o [1]
    .near.bss        inited   0x000025     0x1  GPIO.o [1]
    .near.bss        inited   0x000026     0x1  GPIO.o [1]
    .near.bss        inited   0x000027     0x1  GPIO.o [1]
    .near.bss        inited   0x000028     0x1  GPIO.o [1]
    .near.bss        inited   0x000029     0x1  GPIO.o [1]
    .near.bss        inited   0x00002a     0x1  main.o [1]
    .near.bss        inited   0x00002b     0x2  stm8s_it.o [1]
    .near.bss        inited   0x00002d     0x1  stm8s_it.o [1]
    .near.bss        inited   0x00002e     0x1  stm8s_it.o [1]
    .near.bss        inited   0x00002f     0x1  stm8s_it.o [1]
    .near.bss        inited   0x000030     0x1  stm8s_it.o [1]
    .near.bss        inited   0x000031     0x1  stm8s_it.o [1]
    .near.bss        inited   0x000032     0x1  stm8s_it.o [1]
                            - 0x000033    0x23

"A1":                                    0x200
  CSTACK                      0x000200   0x200  <Block>
    CSTACK           uninit   0x000200   0x200  <Block tail>
                            - 0x000400   0x200

"A2":                                     0x80
  INTVEC                      0x008000    0x80  <Block>
    .intvec          const    0x008000    0x80  interrupt.o [4]
                            - 0x008080    0x80

"P3-P5":                                0x1872
  .near_func.text    ro code  0x008080   0x346  GPIO.o [1]
  .near_func.text    ro code  0x0083c6   0x19a  stm8s_adc1.o [1]
  .near_func.text    ro code  0x008560   0x15d  main.o [1]
  .near_func.text    ro code  0x0086bd   0x12d  stm8s_clk.o [1]
  .near_func.text    ro code  0x0087ea   0x110  stm8s_gpio.o [1]
  .near_func.text    ro code  0x0088fa    0xfc  stm8s_adc1.o [1]
  .near_func.text    ro code  0x0089f6    0xde  stm8s_clk.o [1]
  .near_func.text    ro code  0x008ad4    0xbe  stm8s_adc1.o [1]
  .near_func.text    ro code  0x008b92    0xb7  stm8s_adc1.o [1]
  .near_func.text    ro code  0x008c49    0xb7  stm8s_adc1.o [1]
  .near_func.text    ro code  0x008d00    0xaa  vreg_util.o [4]
  .near_func.text    ro code  0x008daa    0xa7  stm8s_clk.o [1]
  .near_func.text    ro code  0x008e51    0x89  stm8s_adc1.o [1]
  .near_func.text    ro code  0x008eda    0x88  GPIO.o [1]
  .near_func.text    ro code  0x008f62    0x82  ADC.o [1]
  .near_func.text    ro code  0x008fe4    0x6e  AllThings.o [1]
  .near_func.text    ro code  0x009052    0x6b  AllThings.o [1]
  .near_func.text    ro code  0x0090bd    0x64  stm8s_it.o [1]
  .near_func.text    ro code  0x009121    0x59  stm8s_adc1.o [1]
  .near_func.text    ro code  0x00917a    0x59  stm8s_tim2.o [1]
  .near_func.text    ro code  0x0091d3    0x55  stm8s_adc1.o [1]
  .near_func.text    ro code  0x009228    0x54  stm8s_tim2.o [1]
  .near_func.text    ro code  0x00927c    0x44  stm8s_iwdg.o [1]
  .near_func.text    ro code  0x0092c0    0x40  ADC.o [1]
  .near_func.text    ro code  0x009300    0x3f  main.o [1]
  .near_func.text    ro code  0x00933f    0x3d  stm8s_clk.o [1]
  .near.rodata       const    0x00937c    0x3b  stm8s_adc1.o [1]
  .near.rodata       const    0x0093b7    0x3b  stm8s_gpio.o [1]
  .near.rodata       const    0x0093f2    0x3b  stm8s_iwdg.o [1]
  .near.rodata       const    0x00942d    0x3b  stm8s_tim2.o [1]
  .near.rodata       const    0x009468    0x3a  stm8s_clk.o [1]
  .near_func.text    ro code  0x0094a2    0x36  stm8s_clk.o [1]
  .near_func.text    ro code  0x0094d8    0x31  stm8s_adc1.o [1]
  .near_func.text    ro code  0x009509    0x2f  stm8s_adc1.o [1]
  .near_func.text    ro code  0x009538    0x2f  stm8s_adc1.o [1]
  .near_func.text    ro code  0x009567    0x2f  stm8s_adc1.o [1]
  .near_func.text    ro code  0x009596    0x2f  stm8s_clk.o [1]
  .near_func.text    ro code  0x0095c5    0x2f  stm8s_clk.o [1]
  .near_func.text    ro code  0x0095f4    0x2f  stm8s_clk.o [1]
  .near_func.text    ro code  0x009623    0x2f  stm8s_clk.o [1]
  .near_func.text    ro code  0x009652    0x2f  stm8s_tim2.o [1]
  .near_func.text    ro code  0x009681    0x2d  ADC.o [1]
  .near_func.text    ro code  0x0096ae    0x28  stm8s_tim2.o [1]
  .near_func.text    ro code  0x0096d6    0x28  init_small.o [4]
  .near_func.text    ro code  0x0096fe    0x27  AllThings.o [1]
  .near_func.text    ro code  0x009725    0x26  stm8s_iwdg.o [1]
  Initializer bytes  const    0x00974b    0x23  <for P2-1>
  .iar.init_table    const    0x00976e     0xa  - Linker created -
  .near_func.text    ro code  0x009778    0x1e  AllThings.o [1]
  .near_func.text    ro code  0x009796    0x19  AllThings.o [1]
  .near_func.text    ro code  0x0097af    0x14  init.o [4]
  .near_func.text    ro code  0x0097c3    0x14  __dbg_xxexit.o [3]
  .near_func.text    ro code  0x0097d7    0x13  cstartup.o [4]
  .near_func.text    ro code  0x0097ea    0x12  AllThings.o [1]
  .near_func.text    ro code  0x0097fc     0xf  short.o [4]
  .near_func.text    ro code  0x00980b     0xc  stm8s_tim2.o [1]
  .near_func.text    ro code  0x009817     0xb  GPIO.o [1]
  .near_func.text    ro code  0x009822     0xb  GPIO.o [1]
  .near_func.text    ro code  0x00982d     0xb  GPIO.o [1]
  .near_func.text    ro code  0x009838     0x8  GPIO.o [1]
  .near_func.text    ro code  0x009840     0x8  GPIO.o [1]
  .near_func.text    ro code  0x009848     0x8  GPIO.o [1]
  .near_func.text    ro code  0x009850     0x8  GPIO.o [1]
  .near_func.text    ro code  0x009858     0x8  GPIO.o [1]
  .near_func.text    ro code  0x009860     0x8  GPIO.o [1]
  .near_func.text    ro code  0x009868     0x8  GPIO.o [1]
  .near_func.text    ro code  0x009870     0x8  GPIO.o [1]
  .near_func.text    ro code  0x009878     0x8  GPIO.o [1]
  .near_func.text    ro code  0x009880     0x8  GPIO.o [1]
  .near_func.text    ro code  0x009888     0x8  GPIO.o [1]
  .near_func.text    ro code  0x009890     0x8  GPIO.o [1]
  .near_func.text    ro code  0x009898     0x7  stm8s_gpio.o [1]
  .near_func.text    ro code  0x00989f     0x7  stm8s_gpio.o [1]
  .near_func.text    ro code  0x0098a6     0x6  char.o [4]
  .near_func.text    ro code  0x0098ac     0x5  stm8s_adc1.o [1]
  .near_func.text    ro code  0x0098b1     0x5  stm8s_iwdg.o [1]
  .near_func.text    ro code  0x0098b6     0x5  stm8s_iwdg.o [1]
  .near_func.text    ro code  0x0098bb     0x5  cexit.o [4]
  .near_func.text    ro code  0x0098c0     0x4  ADC.o [1]
  .near_func.text    ro code  0x0098c4     0x4  ADC.o [1]
  .near_func.text    ro code  0x0098c8     0x4  stm8s_gpio.o [1]
  .near_func.text    ro code  0x0098cc     0x4  stm8s_iwdg.o [1]
  .near_func.text    ro code  0x0098d0     0x3  interrupt.o [4]
  .near_func.text    ro code  0x0098d3     0x3  low_level_init.o [4]
  .near_func.text    ro code  0x0098d6     0x3  exit.o [4]
  .near_func.text    ro code  0x0098d9     0x3  unhandled_exception.o [4]
  .near_func.text    ro code  0x0098dc     0x2  main.o [1]
  .near_func.text    ro code  0x0098de     0x1  stm8s_it.o [1]
  .near_func.text    ro code  0x0098df     0x1  stm8s_it.o [1]
  .near_func.text    ro code  0x0098e0     0x1  stm8s_it.o [1]
  .near_func.text    ro code  0x0098e1     0x1  stm8s_it.o [1]
  .near_func.text    ro code  0x0098e2     0x1  stm8s_it.o [1]
  .near_func.text    ro code  0x0098e3     0x1  stm8s_it.o [1]
  .near_func.text    ro code  0x0098e4     0x1  stm8s_it.o [1]
  .near_func.text    ro code  0x0098e5     0x1  stm8s_it.o [1]
  .near_func.text    ro code  0x0098e6     0x1  stm8s_it.o [1]
  .near_func.text    ro code  0x0098e7     0x1  stm8s_it.o [1]
  .near_func.text    ro code  0x0098e8     0x1  stm8s_it.o [1]
  .near_func.text    ro code  0x0098e9     0x1  stm8s_it.o [1]
  .near_func.text    ro code  0x0098ea     0x1  stm8s_it.o [1]
  .near_func.text    ro code  0x0098eb     0x1  stm8s_it.o [1]
  .near_func.text    ro code  0x0098ec     0x1  stm8s_it.o [1]
  .near_func.text    ro code  0x0098ed     0x1  stm8s_it.o [1]
  .near_func.text    ro code  0x0098ee     0x1  stm8s_it.o [1]
  .near_func.text    ro code  0x0098ef     0x1  stm8s_it.o [1]
  .near_func.text    ro code  0x0098f0     0x1  stm8s_it.o [1]
  .near_func.text    ro code  0x0098f1     0x1  __dbg_break.o [3]
                            - 0x0098f2  0x1872


*******************************************************************************
*** INIT TABLE
***

          Address   Size
          -------   ----
Copy (__iar_copy_init2)
    1 source range, total size 0x23:
          0x00974b  0x23
    1 destination range, total size 0x23:
          0x000010  0x23



*******************************************************************************
*** MODULE SUMMARY
***

    Module                 ro code  ro data  rw data
    ------                 -------  -------  -------
D:\forOber\OberGRT\Debug\Obj: [1]
    ADC.o                      247       15       15
    AllThings.o                329        4        4
    GPIO.o                   1 103        7        7
    main.o                     414        1        1
    stm8s_adc1.o             1 724       59
    stm8s_clk.o                993       58
    stm8s_gpio.o               290       59
    stm8s_it.o                 119        8        8
    stm8s_iwdg.o               120       59
    stm8s_tim2.o               272       59
    ------------------------------------------------
    Total:                   5 611      329       35

command line: [2]
    ------------------------------------------------
    Total:

dbgstm8smd.a: [3]
    __dbg_break.o                1
    __dbg_xxexit.o              20
    ------------------------------------------------
    Total:                      21

dlstm8smn.a: [4]
    cexit.o                      5
    char.o                       6
    cstartup.o                  19
    exit.o                       3
    init.o                      20
    init_small.o                40
    interrupt.o                  3      128
    low_level_init.o             3
    short.o                     15
    unhandled_exception.o        3
    vreg_util.o                170
    vregs.o                                       16
    ------------------------------------------------
    Total:                     287      128       16

    Linker created                       10      512
----------------------------------------------------
    Grand Total:             5 919      467      563


*******************************************************************************
*** ENTRY LIST
***

Entry                    Address   Size  Type      Object
-----                    -------   ----  ----      ------
.iar.init_table$$Base   0x00976e          --   Gb  - Linker created -
.iar.init_table$$Limit  0x009778          --   Gb  - Linker created -
?b0                     0x000000         Data  Gb  vregs.o [4]
?b1                     0x000001         Data  Gb  vregs.o [4]
?b10                    0x00000a         Data  Gb  vregs.o [4]
?b11                    0x00000b         Data  Gb  vregs.o [4]
?b12                    0x00000c         Data  Gb  vregs.o [4]
?b13                    0x00000d         Data  Gb  vregs.o [4]
?b14                    0x00000e         Data  Gb  vregs.o [4]
?b15                    0x00000f         Data  Gb  vregs.o [4]
?b2                     0x000002         Data  Gb  vregs.o [4]
?b3                     0x000003         Data  Gb  vregs.o [4]
?b4                     0x000004         Data  Gb  vregs.o [4]
?b5                     0x000005         Data  Gb  vregs.o [4]
?b6                     0x000006         Data  Gb  vregs.o [4]
?b7                     0x000007         Data  Gb  vregs.o [4]
?b8                     0x000008         Data  Gb  vregs.o [4]
?b9                     0x000009         Data  Gb  vregs.o [4]
?e0                     0x000001         Data  Gb  vregs.o [4]
?e1                     0x000005         Data  Gb  vregs.o [4]
?e2                     0x000009         Data  Gb  vregs.o [4]
?e3                     0x00000d         Data  Gb  vregs.o [4]
?epilogue_l2            0x008d9b         Code  Gb  vreg_util.o [4]
?epilogue_l2_l3         0x008d98         Code  Gb  vreg_util.o [4]
?epilogue_l2_w6         0x008d9f         Code  Gb  vreg_util.o [4]
?epilogue_w4            0x008da6         Code  Gb  vreg_util.o [4]
?l0                     0x000000         Data  Gb  vregs.o [4]
?l1                     0x000004         Data  Gb  vregs.o [4]
?l2                     0x000008         Data  Gb  vregs.o [4]
?l3                     0x00000c         Data  Gb  vregs.o [4]
?pop_l0                 0x008d64         Code  Gb  vreg_util.o [4]
?pop_l1                 0x008d6f         Code  Gb  vreg_util.o [4]
?pop_l2                 0x008d7a         Code  Gb  vreg_util.o [4]
?pop_l3                 0x008d85         Code  Gb  vreg_util.o [4]
?pop_w4                 0x008d1d         Code  Gb  vreg_util.o [4]
?pop_w6                 0x008d24         Code  Gb  vreg_util.o [4]
?push_l0                0x008d33         Code  Gb  vreg_util.o [4]
?push_l1                0x008d38         Code  Gb  vreg_util.o [4]
?push_l2                0x008d3d         Code  Gb  vreg_util.o [4]
?push_l3                0x008d42         Code  Gb  vreg_util.o [4]
?push_w4                0x008d00         Code  Gb  vreg_util.o [4]
?push_w6                0x008d05         Code  Gb  vreg_util.o [4]
?sll16_x_x_4            0x009806         Code  Gb  short.o [4]
?sll16_x_x_5            0x009805         Code  Gb  short.o [4]
?sll16_x_x_6            0x009804         Code  Gb  short.o [4]
?sll16_x_x_a            0x0097fc         Code  Gb  short.o [4]
?srl8_a_a_5             0x0098a7         Code  Gb  char.o [4]
?srl8_a_a_6             0x0098a6         Code  Gb  char.o [4]
?w0                     0x000000         Data  Gb  vregs.o [4]
?w1                     0x000002         Data  Gb  vregs.o [4]
?w2                     0x000004         Data  Gb  vregs.o [4]
?w3                     0x000006         Data  Gb  vregs.o [4]
?w4                     0x000008         Data  Gb  vregs.o [4]
?w5                     0x00000a         Data  Gb  vregs.o [4]
?w6                     0x00000c         Data  Gb  vregs.o [4]
?w7                     0x00000e         Data  Gb  vregs.o [4]
ADC                     0x000013    0xa  Data  Gb  ADC.o [1]
ADC1_ClearFlag(ADC1_Flag_TypeDef)
                        0x008c49   0xb7  Code  Gb  stm8s_adc1.o [1]
ADC1_Cmd(FunctionalState)
                        0x009509   0x2f  Code  Gb  stm8s_adc1.o [1]
ADC1_ConversionConfig(ADC1_ConvMode_TypeDef, ADC1_Channel_TypeDef, ADC1_Align_TypeDef)
                        0x008ad4   0xbe  Code  Gb  stm8s_adc1.o [1]
ADC1_DataBufferCmd(FunctionalState)
                        0x009567   0x2f  Code  Gb  stm8s_adc1.o [1]
ADC1_DeInit()           0x0094d8   0x31  Code  Gb  stm8s_adc1.o [1]
ADC1_ExternalTriggerConfig(ADC1_ExtTrig_TypeDef, FunctionalState)
                        0x009121   0x59  Code  Gb  stm8s_adc1.o [1]
ADC1_GetBufferValue(unsigned char)
                        0x008e51   0x89  Code  Gb  stm8s_adc1.o [1]
ADC1_GetFlagStatus(ADC1_Flag_TypeDef)
                        0x008b92   0xb7  Code  Gb  stm8s_adc1.o [1]
ADC1_IRQHandler()       0x0098ee    0x1  Code  Gb  stm8s_it.o [1]
ADC1_Init(ADC1_ConvMode_TypeDef, ADC1_Channel_TypeDef, ADC1_PresSel_TypeDef, ADC1_ExtTrig_TypeDef, FunctionalState, ADC1_Align_TypeDef, ADC1_SchmittTrigg_TypeDef, FunctionalState)
                        0x0083c6  0x19a  Code  Gb  stm8s_adc1.o [1]
ADC1_PrescalerConfig(ADC1_PresSel_TypeDef)
                        0x0091d3   0x55  Code  Gb  stm8s_adc1.o [1]
ADC1_ScanModeCmd(FunctionalState)
                        0x009538   0x2f  Code  Gb  stm8s_adc1.o [1]
ADC1_SchmittTriggerConfig(ADC1_SchmittTrigg_TypeDef, FunctionalState)
                        0x0088fa   0xfc  Code  Gb  stm8s_adc1.o [1]
ADC1_StartConversion()  0x0098ac    0x5  Code  Gb  stm8s_adc1.o [1]
AWU_IRQHandler()        0x0098e0    0x1  Code  Gb  stm8s_it.o [1]
CLK_ClockSwitchCmd(FunctionalState)
                        0x009623   0x2f  Code  Gb  stm8s_clk.o [1]
CLK_ClockSwitchConfig(CLK_SwitchMode_TypeDef, CLK_Source_TypeDef, FunctionalState, CLK_CurrentClockState_TypeDef)
                        0x0086bd  0x12d  Code  Gb  stm8s_clk.o [1]
CLK_DeInit()            0x0094a2   0x36  Code  Gb  stm8s_clk.o [1]
CLK_GetFlagStatus(CLK_Flag_TypeDef)
                        0x008daa   0xa7  Code  Gb  stm8s_clk.o [1]
CLK_HSECmd(FunctionalState)
                        0x009596   0x2f  Code  Gb  stm8s_clk.o [1]
CLK_HSICmd(FunctionalState)
                        0x0095c5   0x2f  Code  Gb  stm8s_clk.o [1]
CLK_HSIPrescalerConfig(CLK_Prescaler_TypeDef)
                        0x00933f   0x3d  Code  Gb  stm8s_clk.o [1]
CLK_IRQHandler()        0x0098e1    0x1  Code  Gb  stm8s_it.o [1]
CLK_LSICmd(FunctionalState)
                        0x0095f4   0x2f  Code  Gb  stm8s_clk.o [1]
CLK_PeripheralClockConfig(CLK_Peripheral_TypeDef, FunctionalState)
                        0x0089f6   0xde  Code  Gb  stm8s_clk.o [1]
CRASH_SYSTEM            0x000031    0x1  Data  Gb  stm8s_it.o [1]
CSTACK$$Base            0x000200          --   Gb  - Linker created -
CSTACK$$Limit           0x000400          --   Gb  - Linker created -
EEPROM_EEC_IRQHandler()
                        0x0098f0    0x1  Code  Gb  stm8s_it.o [1]
EXTI_PORTA_IRQHandler()
                        0x0098e2    0x1  Code  Gb  stm8s_it.o [1]
EXTI_PORTB_IRQHandler()
                        0x0098e3    0x1  Code  Gb  stm8s_it.o [1]
EXTI_PORTC_IRQHandler()
                        0x0098e4    0x1  Code  Gb  stm8s_it.o [1]
EXTI_PORTD_IRQHandler()
                        0x0098e5    0x1  Code  Gb  stm8s_it.o [1]
EXTI_PORTE_IRQHandler()
                        0x0098e6    0x1  Code  Gb  stm8s_it.o [1]
GPIO_Init(GPIO_struct __near *, GPIO_Pin_TypeDef, GPIO_Mode_TypeDef)
                        0x0087ea  0x110  Code  Gb  stm8s_gpio.o [1]
GPIO_ReadInputPin(GPIO_struct __near *, GPIO_Pin_TypeDef)
                        0x00989f    0x7  Code  Gb  stm8s_gpio.o [1]
GPIO_WriteHigh(GPIO_struct __near *, GPIO_Pin_TypeDef)
                        0x009898    0x7  Code  Gb  stm8s_gpio.o [1]
GPIO_WriteLow(GPIO_struct __near *, GPIO_Pin_TypeDef)
                        0x0098c8    0x4  Code  Gb  stm8s_gpio.o [1]
I2C_IRQHandler()        0x0098ed    0x1  Code  Gb  stm8s_it.o [1]
INTVEC$$Base            0x008000          --   Gb  - Linker created -
INTVEC$$Limit           0x008080          --   Gb  - Linker created -
IWDG_Enable()           0x0098b6    0x5  Code  Gb  stm8s_iwdg.o [1]
IWDG_ReloadCounter()    0x0098b1    0x5  Code  Gb  stm8s_iwdg.o [1]
IWDG_SetPrescaler(IWDG_Prescaler_TypeDef)
                        0x00927c   0x44  Code  Gb  stm8s_iwdg.o [1]
IWDG_SetReload(unsigned char)
                        0x0098cc    0x4  Code  Gb  stm8s_iwdg.o [1]
IWDG_WriteAccessCmd(IWDG_WriteAccess_TypeDef)
                        0x009725   0x26  Code  Gb  stm8s_iwdg.o [1]
Region$$Table$$Base     0x00976e          --   Gb  - Linker created -
Region$$Table$$Limit    0x009778          --   Gb  - Linker created -
SPI_IRQHandler()        0x0098e7    0x1  Code  Gb  stm8s_it.o [1]
TIM1_CAP_COM_IRQHandler()
                        0x0098e9    0x1  Code  Gb  stm8s_it.o [1]
TIM1_UPD_OVF_TRG_BRK_IRQHandler()
                        0x0098e8    0x1  Code  Gb  stm8s_it.o [1]
TIM2_CAP_COM_IRQHandler()
                        0x0098ea    0x1  Code  Gb  stm8s_it.o [1]
TIM2_ClearITPendingBit(TIM2_IT_TypeDef)
                        0x0096ae   0x28  Code  Gb  stm8s_tim2.o [1]
TIM2_Cmd(FunctionalState)
                        0x009652   0x2f  Code  Gb  stm8s_tim2.o [1]
TIM2_DeInit()           0x00917a   0x59  Code  Gb  stm8s_tim2.o [1]
TIM2_ITConfig(TIM2_IT_TypeDef, FunctionalState)
                        0x009228   0x54  Code  Gb  stm8s_tim2.o [1]
TIM2_TimeBaseInit(TIM2_Prescaler_TypeDef, unsigned short)
                        0x00980b    0xc  Code  Gb  stm8s_tim2.o [1]
TIM2_UPD_OVF_BRK_IRQHandler()
                        0x0090bd   0x64  Code  Gb  stm8s_it.o [1]
TIM4_UPD_OVF_IRQHandler()
                        0x0098ef    0x1  Code  Gb  stm8s_it.o [1]
TLI_IRQHandler()        0x0098df    0x1  Code  Gb  stm8s_it.o [1]
TRAP_IRQHandler()       0x0098de    0x1  Code  Gb  stm8s_it.o [1]
UART1_RX_IRQHandler()   0x0098ec    0x1  Code  Gb  stm8s_it.o [1]
UART1_TX_IRQHandler()   0x0098eb    0x1  Code  Gb  stm8s_it.o [1]
_AIR_Off()              0x009870    0x8  Code  Gb  GPIO.o [1]
_AIR_On()               0x009868    0x8  Code  Gb  GPIO.o [1]
_FIRE_Off()             0x009850    0x8  Code  Gb  GPIO.o [1]
_FIRE_On()              0x009848    0x8  Code  Gb  GPIO.o [1]
_IsThereFire()          0x009840    0x8  Code  Gb  GPIO.o [1]
_LED_Off()              0x009890    0x8  Code  Gb  GPIO.o [1]
_LED_On()               0x009888    0x8  Code  Gb  GPIO.o [1]
_LED_State()            0x009838    0x8  Code  Gb  GPIO.o [1]
_Pump_Off()             0x009880    0x8  Code  Gb  GPIO.o [1]
_Pump_On()              0x009878    0x8  Code  Gb  GPIO.o [1]
_Resistor_Filter(unsigned short)
                        0x009681   0x2d  Code  Gb  ADC.o [1]
_TEN_Off()              0x009860    0x8  Code  Gb  GPIO.o [1]
_TEN_On()               0x009858    0x8  Code  Gb  GPIO.o [1]
__DebugBreak            0x0098f1    0x1  Code  Gb  __dbg_break.o [3]
__exit                  0x0097c3   0x14  Code  Gb  __dbg_xxexit.o [3]
__iar_copy_init2        0x0096d6         Code  Gb  init_small.o [4]
__iar_data_init2        0x0097af   0x14  Code  Gb  init.o [4]
__iar_program_start     0x0097d7         Code  Gb  cstartup.o [4]
__iar_unhandled_exception
                        0x0098d9         Code  Gb  unhandled_exception.o [4]
__intvec                0x008000         Data  Gb  interrupt.o [4]
__low_level_init        0x0098d3    0x3  Code  Gb  low_level_init.o [4]
_exit                   0x0098bb         Code  Gb  cexit.o [4]
_interrupt_1            0x0098de         Code  Gb  stm8s_it.o [1]
_interrupt_12           0x0098e7         Code  Gb  stm8s_it.o [1]
_interrupt_13           0x0098e8         Code  Gb  stm8s_it.o [1]
_interrupt_14           0x0098e9         Code  Gb  stm8s_it.o [1]
_interrupt_15           0x0090bd         Code  Gb  stm8s_it.o [1]
_interrupt_16           0x0098ea         Code  Gb  stm8s_it.o [1]
_interrupt_19           0x0098eb         Code  Gb  stm8s_it.o [1]
_interrupt_2            0x0098df         Code  Gb  stm8s_it.o [1]
_interrupt_20           0x0098ec         Code  Gb  stm8s_it.o [1]
_interrupt_21           0x0098ed         Code  Gb  stm8s_it.o [1]
_interrupt_24           0x0098ee         Code  Gb  stm8s_it.o [1]
_interrupt_25           0x0098ef         Code  Gb  stm8s_it.o [1]
_interrupt_26           0x0098f0         Code  Gb  stm8s_it.o [1]
_interrupt_3            0x0098e0         Code  Gb  stm8s_it.o [1]
_interrupt_4            0x0098e1         Code  Gb  stm8s_it.o [1]
_interrupt_5            0x0098e2         Code  Gb  stm8s_it.o [1]
_interrupt_6            0x0098e3         Code  Gb  stm8s_it.o [1]
_interrupt_7            0x0098e4         Code  Gb  stm8s_it.o [1]
_interrupt_8            0x0098e5         Code  Gb  stm8s_it.o [1]
_interrupt_9            0x0098e6         Code  Gb  stm8s_it.o [1]
adc_Updating()          0x0092c0   0x40  Code  Gb  ADC.o [1]
assert_failed(unsigned char __near *, unsigned long)
                        0x0098dc    0x2  Code  Gb  main.o [1]
b_Wait2Minute           0x000023    0x1  Data  Lc  AllThings.o [1]
checkFuel_Level()       0x009052   0x6b  Code  Gb  AllThings.o [1]
checkTemperatureOil()   0x0096fe   0x27  Code  Gb  AllThings.o [1]
cnt_input               0x000025    0x1  Data  Gb  GPIO.o [1]
cntr_Check_CRASH_T10    0x000030    0x1  Data  Gb  stm8s_it.o [1]
cntr_LED                0x00002f    0x1  Data  Gb  stm8s_it.o [1]
cntr_Wait_Oil           0x00002b    0x2  Data  Gb  stm8s_it.o [1]
cntr_Wait_Presetting    0x000032    0x1  Data  Gb  stm8s_it.o [1]
cntr_i                  0x00001d    0x1  Data  Gb  ADC.o [1]
cntr_pump_period        0x00002d    0x1  Data  Gb  stm8s_it.o [1]
cntr_start              0x00002e    0x1  Data  Gb  stm8s_it.o [1]
exit                    0x0098d6    0x3  Code  Gb  exit.o [4]
get_ADC_Ready()         0x0098c0    0x4  Code  Gb  ADC.o [1]
get_ADC_Value()         0x0098c4    0x4  Code  Gb  ADC.o [1]
get_inputLight()        0x009822    0xb  Code  Gb  GPIO.o [1]
input_Oil_Level         0x000011    0x1  Data  Gb  GPIO.o [1]
input_light             0x000027    0x1  Data  Gb  GPIO.o [1]
input_start             0x000026    0x1  Data  Gb  GPIO.o [1]
isFirstLevel            0x000024    0x1  Data  Lc  AllThings.o [1]
isOilLevel()            0x00982d    0xb  Code  Gb  GPIO.o [1]
isReady                 0x000022    0x1  Data  Gb  AllThings.o [1]
isStart()               0x009817    0xb  Code  Gb  GPIO.o [1]
led_Function()          0x009300   0x3f  Code  Gb  main.o [1]
machine_State           0x00002a    0x1  Data  Gb  main.o [1]
main                    0x008560  0x15d  Code  Gb  main.o [1]
read_Input_IO()         0x008080  0x346  Code  Gb  GPIO.o [1]
result_Oil_Level        0x000012    0x1  Data  Gb  GPIO.o [1]
result_light            0x000029    0x1  Data  Gb  GPIO.o [1]
result_start            0x000028    0x1  Data  Gb  GPIO.o [1]
setup_ADC()             0x008f62   0x82  Code  Gb  ADC.o [1]
setup_CLK()             0x008fe4   0x6e  Code  Gb  AllThings.o [1]
setup_GPIO()            0x008eda   0x88  Code  Gb  GPIO.o [1]
setup_IWDG()            0x0097ea   0x12  Code  Gb  AllThings.o [1]
setup_Peripheral()      0x009778   0x1e  Code  Gb  AllThings.o [1]
setup_TIM2()            0x009796   0x19  Code  Gb  AllThings.o [1]
sum                     0x00001e    0x2  Data  Gb  ADC.o [1]
sum_save                0x000020    0x2  Data  Gb  ADC.o [1]
v_Pump_Period           0x000010    0x1  Data  Gb  AllThings.o [1]


[1] = D:\forOber\OberGRT\Debug\Obj
[2] = command line
[3] = dbgstm8smd.a
[4] = dlstm8smn.a

  5 919 bytes of readonly  code memory
    467 bytes of readonly  data memory
    563 bytes of readwrite data memory

Errors: none
Warnings: none
